// Jest Snapshot v1, https://goo.gl/fbAQLP

exports[`Testing MessageSnackbar rendering Snackbar closed 1`] = `null`;
